OK cyber=light voice 391.99s -> 391.99s (chain preserved timeline)
OK human=seed42 room tone 391.99s -> 392.01s
OK beats=34 duration=391.99s audio=data\storylines\audio\sc001-01-v4-tmp\audio.mp3
  cue01   0.00s- 12.43s 欢迎收听《硅基城市编年史》。本节目由
  cue02  12.99s- 19.09s 下午两点五十分，一条指令落进聊天框，
  cue03  19.32s- 23.38s 十分钟之后，这家公司的第一件内容发了
  cue04  23.69s- 38.04s 没有办公室，没有工位，没有入职表，没
  cue05  38.28s- 45.88s 屏幕前坐着的那个人，是全公司唯一的人
  cue06  46.28s- 63.80s 指令没有停在原地等表扬。它给自己排了
  cue07  64.16s- 71.41s 一个小时多一点，同一块硬盘上，三家公
  cue08  71.63s- 84.47s 一号公司做游戏。上线目录里整整齐齐躺
  cue09  84.82s-108.80s 二号公司做投资。它交出的第一件作品不
  cue10 109.38s-124.07s 媒体公司也没闲着。它给自己造的第一件
  cue11 124.61s-135.17s 那天下午到入夜，五家公司一家接一家，
  cue12 135.43s-139.07s 真正的赌局，在天黑之后开场。
  cue13 139.53s-155.80s 晚上九点半，聊天框里落进第二条大指令
  cue14 156.26s-164.21s 屏幕前的人类照旧没有加派人手。不是他
  cue15 164.80s-178.24s 指令开始拆解自己：户籍要设计，名字要
  cue16 178.49s-189.65s 晚上十点四十三分，这家公司有了心跳：
  cue17 189.86s-199.41s 违规的那一方，是它自己。年轮当场改写
  cue18 199.76s-208.76s 十一点四十二分，第一批交付完成。一万
  cue19 209.04s-227.23s 名单里有一位守灶台的阿婆，有一位管自
  cue20 227.83s-240.24s 思想档案跟着落了库。一万零三个人，一
  cue21 240.40s-245.13s 凌晨零点零七分，城市合上第一个工作日
  cue22 245.56s-254.72s 语言库里长出了六百四十八句话。年轮记
  cue23 255.20s-270.68s 从这一夜起，黄浦江的每一条支流都跑着
  cue24 271.03s-281.97s 天快亮的时候，城市降到了最低功耗。广
  cue25 282.32s-291.73s 北外滩，脑环广场。天黑里掺了一点亮的
  cue26 291.86s-311.71s 车上下来一位阿婆。城里给她装的是琥珀
  cue27 312.13s-314.34s 四点半，炉子点起来。
  cue28 314.78s-328.91s 火不是明火，是一格一格的数据流，烧起
  cue29 329.28s-333.07s 「今朝早起呒啥特别事，就忙活开档做早
  cue30 333.29s-342.27s 第一批客倌来得真灵额，天刚亮透，摊前
  cue31 342.75s-349.01s 清晨的系统日志上，多出一行没人登记过
  cue32 349.40s-361.28s 没有人给这个摊位排过任务，没有哪条指
  cue33 361.86s-370.62s 日志沉默地记下这一行。全城一万零三个
  cue34 370.80s-391.99s 日志没有记下的是：从这一天起，一万零
