attempt 1 at 06:48:09
attempt 1 DEFER (window closed), waiting 45s
attempt 2 at 06:48:56
attempt 2 DEFER (window closed), waiting 45s
attempt 3 at 06:49:42
attempt 3 DEFER (window closed), waiting 45s
attempt 4 at 06:50:28
attempt 4 DEFER (window closed), waiting 45s
attempt 5 at 06:51:14
attempt 5 DEFER (window closed), waiting 45s
attempt 6 at 06:52:00
attempt 6 DEFER (window closed), waiting 45s
attempt 7 at 06:52:46
attempt 7 non-DEFER result:
GPU-OK util=1% free=10347MB
OK E4-audience [评审参考席（非部门编制） - E4 直觉观众参考仪]
----- verdict -----
1) **是否会看完、互动及评分**：我会选择听完这个节目，直到结束。这个节目虽然
标题听起来有些科幻，但内容却充满人情味，通过不同角色的独特视角展现了台风夜的
城市生活，非常吸引人。我会考虑点赞和转发给朋友，因为它不仅具有创新性，而且内
容丰富、细腻。我会给它打8分，因为它在传达故事的同时，成功地结合了科幻元素和
人性，给人留下了深刻的印象。

2) **一眼假、空洞套话及AI味重**：节目中声明部分提到“本节目由 AI 参与生成，
基于硅基城市真实事件与在册居民档案改编”，这一说法听起来有些生硬，给人一种强
行解释的感觉，可能会让观众觉得是为了证明AI参与度而刻意加入的。这种声明虽然可
以理解，但略显突兀，可能影响观众的代入感。扣1分。

3) **最弱的一项**：最弱的一项可能是声明部分的处理方式。虽然声明是必要的，但
过于直接地提到AI参与和基于真实事件改编，反而可能会让观众感到有些脱离故事本身
，影响到故事的沉浸感。如果能更自然地融入到故事中或者用更巧妙的方式解释这些背
景信息，效果会更好。
----- verdict archive -----
C:\Users\sjs20\Desktop\FluxGroup\media\BigStream\docs\reviews\expert-verdicts\20261011-065307-E4-audience.md

loop end at 06:53:08
